<?xml version="1.0" encoding="ISO-8859-1" ?>
<link_info>
   <banner>TI ARM Linker PC v20.2.1.LTS</banner>
   <copyright>Copyright (c) 1996-2018 Texas Instruments Incorporated</copyright>
   <link_time>0x5f625ae9</link_time>
   <link_errors>0x0</link_errors>
   <output_file>usb_dev_serial.out</output_file>
   <entry_point>
      <name>_c_int00_noargs</name>
      <address>0x2bc5</address>
   </entry_point>
   <input_file_list>
      <input_file id="fl-2">
         <path>.\</path>
         <kind>object</kind>
         <file>startup_ccs.obj</file>
         <name>startup_ccs.obj</name>
      </input_file>
      <input_file id="fl-3">
         <path>.\</path>
         <kind>object</kind>
         <file>usb_dev_serial.obj</file>
         <name>usb_dev_serial.obj</name>
      </input_file>
      <input_file id="fl-4">
         <path>.\</path>
         <kind>object</kind>
         <file>usb_serial_structs.obj</file>
         <name>usb_serial_structs.obj</name>
      </input_file>
      <input_file id="fl-5">
         <path>.\utils\</path>
         <kind>object</kind>
         <file>uartstdio.obj</file>
         <name>uartstdio.obj</name>
      </input_file>
      <input_file id="fl-6">
         <path>.\utils\</path>
         <kind>object</kind>
         <file>ustdlib.obj</file>
         <name>ustdlib.obj</name>
      </input_file>
      <input_file id="fl-c">
         <kind>object</kind>
         <file>&lt;internal&gt;</file>
         <name>&lt;internal&gt;</name>
      </input_file>
      <input_file id="fl-c2">
         <path>C:\ti\ccs1010\ccs\tools\compiler\ti-cgt-arm_20.2.1.LTS\lib\</path>
         <kind>archive</kind>
         <file>rtsv7M4_T_le_v4SPD16_eabi.lib</file>
         <name>u_divt2.asm.obj</name>
      </input_file>
      <input_file id="fl-c3">
         <path>C:\ti\ccs1010\ccs\tools\compiler\ti-cgt-arm_20.2.1.LTS\lib\</path>
         <kind>archive</kind>
         <file>rtsv7M4_T_le_v4SPD16_eabi.lib</file>
         <name>copy_zero_init.c.obj</name>
      </input_file>
      <input_file id="fl-c4">
         <path>C:\ti\ccs1010\ccs\tools\compiler\ti-cgt-arm_20.2.1.LTS\lib\</path>
         <kind>archive</kind>
         <file>rtsv7M4_T_le_v4SPD16_eabi.lib</file>
         <name>copy_decompress_none.c.obj</name>
      </input_file>
      <input_file id="fl-c5">
         <path>C:\ti\ccs1010\ccs\tools\compiler\ti-cgt-arm_20.2.1.LTS\lib\</path>
         <kind>archive</kind>
         <file>rtsv7M4_T_le_v4SPD16_eabi.lib</file>
         <name>copy_decompress_lzss.c.obj</name>
      </input_file>
      <input_file id="fl-c6">
         <path>C:\ti\ccs1010\ccs\tools\compiler\ti-cgt-arm_20.2.1.LTS\lib\</path>
         <kind>archive</kind>
         <file>rtsv7M4_T_le_v4SPD16_eabi.lib</file>
         <name>boot_cortex_m.c.obj</name>
      </input_file>
      <input_file id="fl-c7">
         <path>C:\ti\ccs1010\ccs\tools\compiler\ti-cgt-arm_20.2.1.LTS\lib\</path>
         <kind>archive</kind>
         <file>rtsv7M4_T_le_v4SPD16_eabi.lib</file>
         <name>div0.asm.obj</name>
      </input_file>
      <input_file id="fl-c8">
         <path>C:\ti\ccs1010\ccs\tools\compiler\ti-cgt-arm_20.2.1.LTS\lib\</path>
         <kind>archive</kind>
         <file>rtsv7M4_T_le_v4SPD16_eabi.lib</file>
         <name>memset_t2.asm.obj</name>
      </input_file>
      <input_file id="fl-c9">
         <path>C:\ti\ccs1010\ccs\tools\compiler\ti-cgt-arm_20.2.1.LTS\lib\</path>
         <kind>archive</kind>
         <file>rtsv7M4_T_le_v4SPD16_eabi.lib</file>
         <name>memcpy_t2.asm.obj</name>
      </input_file>
      <input_file id="fl-ca">
         <path>C:\ti\ccs1010\ccs\tools\compiler\ti-cgt-arm_20.2.1.LTS\lib\</path>
         <kind>archive</kind>
         <file>rtsv7M4_T_le_v4SPD16_eabi.lib</file>
         <name>autoinit.c.obj</name>
      </input_file>
      <input_file id="fl-cb">
         <path>C:\ti\ccs1010\ccs\tools\compiler\ti-cgt-arm_20.2.1.LTS\lib\</path>
         <kind>archive</kind>
         <file>rtsv7M4_T_le_v4SPD16_eabi.lib</file>
         <name>pre_init.c.obj</name>
      </input_file>
      <input_file id="fl-cc">
         <path>C:\ti\ccs1010\ccs\tools\compiler\ti-cgt-arm_20.2.1.LTS\lib\</path>
         <kind>archive</kind>
         <file>rtsv7M4_T_le_v4SPD16_eabi.lib</file>
         <name>cpy_tbl.c.obj</name>
      </input_file>
      <input_file id="fl-cd">
         <path>C:\ti\ccs1010\ccs\tools\compiler\ti-cgt-arm_20.2.1.LTS\lib\</path>
         <kind>archive</kind>
         <file>rtsv7M4_T_le_v4SPD16_eabi.lib</file>
         <name>exit.c.obj</name>
      </input_file>
      <input_file id="fl-ce">
         <path>C:\ti\ccs1010\ccs\tools\compiler\ti-cgt-arm_20.2.1.LTS\lib\</path>
         <kind>archive</kind>
         <file>rtsv7M4_T_le_v4SPD16_eabi.lib</file>
         <name>_lock.c.obj</name>
      </input_file>
      <input_file id="fl-cf">
         <path>C:\ti\ccs1010\ccs\tools\compiler\ti-cgt-arm_20.2.1.LTS\lib\</path>
         <kind>archive</kind>
         <file>rtsv7M4_T_le_v4SPD16_eabi.lib</file>
         <name>args_main.c.obj</name>
      </input_file>
      <input_file id="fl-d0">
         <path>C:\ti\TivaWare_C_Series-2.1.4.178\driverlib\ccs\Debug\</path>
         <kind>archive</kind>
         <file>driverlib.lib</file>
         <name>gpio.obj</name>
      </input_file>
      <input_file id="fl-d1">
         <path>C:\ti\TivaWare_C_Series-2.1.4.178\driverlib\ccs\Debug\</path>
         <kind>archive</kind>
         <file>driverlib.lib</file>
         <name>interrupt.obj</name>
      </input_file>
      <input_file id="fl-d2">
         <path>C:\ti\TivaWare_C_Series-2.1.4.178\driverlib\ccs\Debug\</path>
         <kind>archive</kind>
         <file>driverlib.lib</file>
         <name>sysctl.obj</name>
      </input_file>
      <input_file id="fl-d3">
         <path>C:\ti\TivaWare_C_Series-2.1.4.178\driverlib\ccs\Debug\</path>
         <kind>archive</kind>
         <file>driverlib.lib</file>
         <name>cpu.obj</name>
      </input_file>
      <input_file id="fl-d4">
         <path>C:\ti\TivaWare_C_Series-2.1.4.178\usblib\ccs\Debug\</path>
         <kind>archive</kind>
         <file>usblib.lib</file>
         <name>usbbuffer.obj</name>
      </input_file>
      <input_file id="fl-d5">
         <path>C:\ti\TivaWare_C_Series-2.1.4.178\usblib\ccs\Debug\</path>
         <kind>archive</kind>
         <file>usblib.lib</file>
         <name>usbmode.obj</name>
      </input_file>
      <input_file id="fl-d6">
         <path>C:\ti\TivaWare_C_Series-2.1.4.178\usblib\ccs\Debug\</path>
         <kind>archive</kind>
         <file>usblib.lib</file>
         <name>usbringbuf.obj</name>
      </input_file>
      <input_file id="fl-d7">
         <path>C:\ti\TivaWare_C_Series-2.1.4.178\usblib\ccs\Debug\</path>
         <kind>archive</kind>
         <file>usblib.lib</file>
         <name>usbtick.obj</name>
      </input_file>
      <input_file id="fl-d8">
         <path>C:\ti\TivaWare_C_Series-2.1.4.178\usblib\ccs\Debug\</path>
         <kind>archive</kind>
         <file>usblib.lib</file>
         <name>usbhostenum.obj</name>
      </input_file>
      <input_file id="fl-d9">
         <path>C:\ti\TivaWare_C_Series-2.1.4.178\usblib\ccs\Debug\</path>
         <kind>archive</kind>
         <file>usblib.lib</file>
         <name>usbdcdc.obj</name>
      </input_file>
      <input_file id="fl-da">
         <path>C:\ti\TivaWare_C_Series-2.1.4.178\usblib\ccs\Debug\</path>
         <kind>archive</kind>
         <file>usblib.lib</file>
         <name>usbdenum.obj</name>
      </input_file>
      <input_file id="fl-db">
         <path>C:\ti\TivaWare_C_Series-2.1.4.178\usblib\ccs\Debug\</path>
         <kind>archive</kind>
         <file>usblib.lib</file>
         <name>usbdhandler.obj</name>
      </input_file>
      <input_file id="fl-dc">
         <path>C:\ti\TivaWare_C_Series-2.1.4.178\usblib\ccs\Debug\</path>
         <kind>archive</kind>
         <file>usblib.lib</file>
         <name>usbdesc.obj</name>
      </input_file>
      <input_file id="fl-dd">
         <path>C:\ti\TivaWare_C_Series-2.1.4.178\usblib\ccs\Debug\</path>
         <kind>archive</kind>
         <file>usblib.lib</file>
         <name>usbdma.obj</name>
      </input_file>
      <input_file id="fl-de">
         <path>C:\ti\TivaWare_C_Series-2.1.4.178\usblib\ccs\Debug\</path>
         <kind>archive</kind>
         <file>usblib.lib</file>
         <name>usbulpi.obj</name>
      </input_file>
      <input_file id="fl-df">
         <path>C:\ti\TivaWare_C_Series-2.1.4.178\usblib\ccs\Debug\</path>
         <kind>archive</kind>
         <file>usblib.lib</file>
         <name>usbhhub.obj</name>
      </input_file>
      <input_file id="fl-e0">
         <path>C:\ti\TivaWare_C_Series-2.1.4.178\usblib\ccs\Debug\</path>
         <kind>archive</kind>
         <file>usblib.lib</file>
         <name>usbdcdesc.obj</name>
      </input_file>
      <input_file id="fl-e1">
         <path>C:\ti\TivaWare_C_Series-2.1.4.178\usblib\ccs\Debug\</path>
         <kind>archive</kind>
         <file>usblib.lib</file>
         <name>usbdconfig.obj</name>
      </input_file>
      <input_file id="fl-e2">
         <path>C:\ti\TivaWare_C_Series-2.1.4.178\driverlib\ccs\Debug\</path>
         <kind>archive</kind>
         <file>driverlib.lib</file>
         <name>udma.obj</name>
      </input_file>
      <input_file id="fl-e3">
         <path>C:\ti\TivaWare_C_Series-2.1.4.178\driverlib\ccs\Debug\</path>
         <kind>archive</kind>
         <file>driverlib.lib</file>
         <name>usb.obj</name>
      </input_file>
   </input_file_list>
   <object_component_list>
      <object_component id="oc-12">
         <name>.intvecs</name>
         <load_address>0x0</load_address>
         <run_address>0x0</run_address>
         <size>0x26c</size>
         <input_file_ref idref="fl-2"/>
      </object_component>
      <object_component id="oc-f7">
         <name>.text:main</name>
         <load_address>0x26c</load_address>
         <run_address>0x26c</run_address>
         <size>0x1f0</size>
         <input_file_ref idref="fl-3"/>
      </object_component>
      <object_component id="oc-45b">
         <name>.text:USBLibDMAInit</name>
         <load_address>0x45c</load_address>
         <run_address>0x45c</run_address>
         <size>0x160</size>
         <input_file_ref idref="fl-dd"/>
      </object_component>
      <object_component id="oc-325">
         <name>.text:USBDCDInit</name>
         <load_address>0x5bc</load_address>
         <run_address>0x5bc</run_address>
         <size>0x150</size>
         <input_file_ref idref="fl-da"/>
      </object_component>
      <object_component id="oc-2f6">
         <name>.text:USBDEP0StateTxConfig</name>
         <load_address>0x70c</load_address>
         <run_address>0x70c</run_address>
         <size>0x150</size>
         <input_file_ref idref="fl-da"/>
      </object_component>
      <object_component id="oc-c3">
         <name>.text:USBDeviceIntHandlerInternal</name>
         <load_address>0x85c</load_address>
         <run_address>0x85c</run_address>
         <size>0x150</size>
         <input_file_ref idref="fl-da"/>
      </object_component>
      <object_component id="oc-664">
         <name>.text:USBDeviceConfig</name>
         <load_address>0x9ac</load_address>
         <run_address>0x9ac</run_address>
         <size>0x148</size>
         <input_file_ref idref="fl-e1"/>
      </object_component>
      <object_component id="oc-606">
         <name>.text:iDMAUSBTransfer</name>
         <load_address>0xaf4</load_address>
         <run_address>0xaf4</run_address>
         <size>0xf4</size>
         <input_file_ref idref="fl-dd"/>
      </object_component>
      <object_component id="oc-4e9">
         <name>.text:USBDGetDescriptor</name>
         <load_address>0xbe8</load_address>
         <run_address>0xbe8</run_address>
         <size>0xe4</size>
         <input_file_ref idref="fl-da"/>
      </object_component>
      <object_component id="oc-154">
         <name>.text:ControlHandler</name>
         <load_address>0xccc</load_address>
         <run_address>0xccc</run_address>
         <size>0xdc</size>
         <input_file_ref idref="fl-3"/>
      </object_component>
      <object_component id="oc-31f">
         <name>.text:USBDCDCCompositeInit</name>
         <load_address>0xda8</load_address>
         <run_address>0xda8</run_address>
         <size>0xd8</size>
         <input_file_ref idref="fl-d9"/>
      </object_component>
      <object_component id="oc-195">
         <name>.text:USBDeviceEnumHandler</name>
         <load_address>0xe80</load_address>
         <run_address>0xe80</run_address>
         <size>0xd8</size>
         <input_file_ref idref="fl-da"/>
      </object_component>
      <object_component id="oc-520">
         <name>.text:HandleRequests</name>
         <load_address>0xf58</load_address>
         <run_address>0xf58</run_address>
         <size>0xd4</size>
         <input_file_ref idref="fl-d9"/>
      </object_component>
      <object_component id="oc-594">
         <name>.text:uDMAUSBChannelAllocate</name>
         <load_address>0x102c</load_address>
         <run_address>0x102c</run_address>
         <size>0xc4</size>
         <input_file_ref idref="fl-dd"/>
      </object_component>
      <object_component id="oc-2bd">
         <name>.text:HandleRxAvailable</name>
         <load_address>0x10f0</load_address>
         <run_address>0x10f0</run_address>
         <size>0xbe</size>
         <input_file_ref idref="fl-d4"/>
      </object_component>
      <object_component id="oc-5d6">
         <name>.text:uDMAUSBTransfer</name>
         <load_address>0x11ae</load_address>
         <run_address>0x11ae</run_address>
         <size>0xbc</size>
         <input_file_ref idref="fl-dd"/>
      </object_component>
      <object_component id="oc-54a">
         <name>.text:HandleDevice</name>
         <load_address>0x126a</load_address>
         <run_address>0x126a</run_address>
         <size>0xb4</size>
         <input_file_ref idref="fl-d9"/>
      </object_component>
      <object_component id="oc-5f">
         <name>.text</name>
         <load_address>0x131e</load_address>
         <run_address>0x131e</run_address>
         <size>0x9c</size>
         <input_file_ref idref="fl-c9"/>
      </object_component>
      <object_component id="oc-33">
         <name>.text:FaultISR</name>
         <load_address>0x13ba</load_address>
         <run_address>0x13ba</run_address>
         <size>0x2</size>
         <input_file_ref idref="fl-2"/>
      </object_component>
      <object_component id="oc-507">
         <name>.text:USBDSetInterface</name>
         <load_address>0x13bc</load_address>
         <run_address>0x13bc</run_address>
         <size>0x98</size>
         <input_file_ref idref="fl-da"/>
      </object_component>
      <object_component id="oc-40c">
         <name>.text:CDCTickHandler</name>
         <load_address>0x1454</load_address>
         <run_address>0x1454</run_address>
         <size>0x96</size>
         <input_file_ref idref="fl-d9"/>
      </object_component>
      <object_component id="oc-266">
         <name>.text:SendSerialState</name>
         <load_address>0x14ea</load_address>
         <run_address>0x14ea</run_address>
         <size>0x94</size>
         <input_file_ref idref="fl-d9"/>
      </object_component>
      <object_component id="oc-244">
         <name>.text:ScheduleNextTransmission</name>
         <load_address>0x157e</load_address>
         <run_address>0x157e</run_address>
         <size>0x92</size>
         <input_file_ref idref="fl-d4"/>
      </object_component>
      <object_component id="oc-13e">
         <name>.text:USBDCDCPacketRead</name>
         <load_address>0x1610</load_address>
         <run_address>0x1610</run_address>
         <size>0x90</size>
         <input_file_ref idref="fl-d9"/>
      </object_component>
      <object_component id="oc-4fb">
         <name>.text:USBDSetConfiguration</name>
         <load_address>0x16a0</load_address>
         <run_address>0x16a0</run_address>
         <size>0x90</size>
         <input_file_ref idref="fl-da"/>
      </object_component>
      <object_component id="oc-297">
         <name>.text:GetLineCoding</name>
         <load_address>0x1730</load_address>
         <run_address>0x1730</run_address>
         <size>0x8c</size>
         <input_file_ref idref="fl-3"/>
      </object_component>
      <object_component id="oc-678">
         <name>.text:USBDeviceConfigAlternate</name>
         <load_address>0x17bc</load_address>
         <run_address>0x17bc</run_address>
         <size>0x8c</size>
         <input_file_ref idref="fl-e1"/>
      </object_component>
      <object_component id="oc-5e8">
         <name>.text:iDMAUSBChannelAllocate</name>
         <load_address>0x1848</load_address>
         <run_address>0x1848</run_address>
         <size>0x84</size>
         <input_file_ref idref="fl-dd"/>
      </object_component>
      <object_component id="oc-71a">
         <name>.text:uDMAChannelTransferSet</name>
         <load_address>0x18cc</load_address>
         <run_address>0x18cc</run_address>
         <size>0x84</size>
         <input_file_ref idref="fl-e2"/>
      </object_component>
      <object_component id="oc-4d7">
         <name>.text:USBDClearFeature</name>
         <load_address>0x1950</load_address>
         <run_address>0x1950</run_address>
         <size>0x80</size>
         <input_file_ref idref="fl-da"/>
      </object_component>
      <object_component id="oc-78b">
         <name>.text:USBDevEndpointConfigSet</name>
         <load_address>0x19d0</load_address>
         <run_address>0x19d0</run_address>
         <size>0x7a</size>
         <input_file_ref idref="fl-e3"/>
      </object_component>
      <object_component id="oc-39">
         <name>.text:IntDefaultHandler</name>
         <load_address>0x1a4a</load_address>
         <run_address>0x1a4a</run_address>
         <size>0x2</size>
         <input_file_ref idref="fl-2"/>
      </object_component>
      <object_component id="oc-4d1">
         <name>.text:USBDGetStatus</name>
         <load_address>0x1a4c</load_address>
         <run_address>0x1a4c</run_address>
         <size>0x78</size>
         <input_file_ref idref="fl-da"/>
      </object_component>
      <object_component id="oc-6ac">
         <name>.text:ProcessDataFromHost</name>
         <load_address>0x1ac4</load_address>
         <run_address>0x1ac4</run_address>
         <size>0x72</size>
         <input_file_ref idref="fl-d9"/>
      </object_component>
      <object_component id="oc-2d">
         <name>.text:NmiSR</name>
         <load_address>0x1b36</load_address>
         <run_address>0x1b36</run_address>
         <size>0x2</size>
         <input_file_ref idref="fl-2"/>
      </object_component>
      <object_component id="oc-a5">
         <name>.text:ReadUARTData</name>
         <load_address>0x1b38</load_address>
         <run_address>0x1b38</run_address>
         <size>0x70</size>
         <input_file_ref idref="fl-3"/>
      </object_component>
      <object_component id="oc-29d">
         <name>.text:SetLineCoding</name>
         <load_address>0x1ba8</load_address>
         <run_address>0x1ba8</run_address>
         <size>0x70</size>
         <input_file_ref idref="fl-3"/>
      </object_component>
      <object_component id="oc-2fc">
         <name>.text:USBDEP0StateTx</name>
         <load_address>0x1c18</load_address>
         <run_address>0x1c18</run_address>
         <size>0x70</size>
         <input_file_ref idref="fl-da"/>
      </object_component>
      <object_component id="oc-58e">
         <name>.text:uDMAUSBArbSizeSet</name>
         <load_address>0x1c88</load_address>
         <run_address>0x1c88</run_address>
         <size>0x70</size>
         <input_file_ref idref="fl-dd"/>
      </object_component>
      <object_component id="oc-5dc">
         <name>.text:uDMAUSBUnitSizeSet</name>
         <load_address>0x1cf8</load_address>
         <run_address>0x1cf8</run_address>
         <size>0x70</size>
         <input_file_ref idref="fl-dd"/>
      </object_component>
      <object_component id="oc-6b2">
         <name>.text:ProcessDataToHost</name>
         <load_address>0x1d68</load_address>
         <run_address>0x1d68</run_address>
         <size>0x6c</size>
         <input_file_ref idref="fl-d9"/>
      </object_component>
      <object_component id="oc-4dd">
         <name>.text:USBDSetFeature</name>
         <load_address>0x1dd4</load_address>
         <run_address>0x1dd4</run_address>
         <size>0x6c</size>
         <input_file_ref idref="fl-da"/>
      </object_component>
      <object_component id="oc-6f3">
         <name>.text:IntDisable</name>
         <load_address>0x1e40</load_address>
         <run_address>0x1e40</run_address>
         <size>0x68</size>
         <input_file_ref idref="fl-d1"/>
      </object_component>
      <object_component id="oc-473">
         <name>.text:IntEnable</name>
         <load_address>0x1ea8</load_address>
         <run_address>0x1ea8</run_address>
         <size>0x68</size>
         <input_file_ref idref="fl-d1"/>
      </object_component>
      <object_component id="oc-15">
         <name>.text:decompress:lzss:__TI_decompress_lzss</name>
         <load_address>0x1f10</load_address>
         <run_address>0x1f10</run_address>
         <size>0x68</size>
         <input_file_ref idref="fl-c5"/>
      </object_component>
      <object_component id="oc-6ed">
         <name>.text:IntIsEnabled</name>
         <load_address>0x1f78</load_address>
         <run_address>0x1f78</run_address>
         <size>0x64</size>
         <input_file_ref idref="fl-d1"/>
      </object_component>
      <object_component id="oc-15a">
         <name>.text:USBBufferEventCallback</name>
         <load_address>0x1fdc</load_address>
         <run_address>0x1fdc</run_address>
         <size>0x64</size>
         <input_file_ref idref="fl-d4"/>
      </object_component>
      <object_component id="oc-45">
         <name>.text:USBUARTIntHandler</name>
         <load_address>0x2040</load_address>
         <run_address>0x2040</run_address>
         <size>0x64</size>
         <input_file_ref idref="fl-3"/>
      </object_component>
      <object_component id="oc-5a0">
         <name>.text:uDMAUSBChannelEnable</name>
         <load_address>0x20a4</load_address>
         <run_address>0x20a4</run_address>
         <size>0x64</size>
         <input_file_ref idref="fl-dd"/>
      </object_component>
      <object_component id="oc-251">
         <name>.text:USBDCDCPacketWrite</name>
         <load_address>0x2108</load_address>
         <run_address>0x2108</run_address>
         <size>0x60</size>
         <input_file_ref idref="fl-d9"/>
      </object_component>
      <object_component id="oc-2f0">
         <name>.text:USBDReadAndDispatchRequest</name>
         <load_address>0x2168</load_address>
         <run_address>0x2168</run_address>
         <size>0x60</size>
         <input_file_ref idref="fl-da"/>
      </object_component>
      <object_component id="oc-281">
         <name>.text:USBDevEndpointStatusClear</name>
         <load_address>0x21c8</load_address>
         <run_address>0x21c8</run_address>
         <size>0x5e</size>
         <input_file_ref idref="fl-e3"/>
      </object_component>
      <object_component id="oc-5b2">
         <name>.text:uDMAUSBChannelRelease</name>
         <load_address>0x2226</load_address>
         <run_address>0x2226</run_address>
         <size>0x56</size>
         <input_file_ref idref="fl-dd"/>
      </object_component>
      <object_component id="oc-99">
         <name>.text:USBUARTPrimeTransmit</name>
         <load_address>0x227c</load_address>
         <run_address>0x227c</run_address>
         <size>0x54</size>
         <input_file_ref idref="fl-3"/>
      </object_component>
      <object_component id="oc-431">
         <name>.text:ULPIConfigSet</name>
         <load_address>0x22d0</load_address>
         <run_address>0x22d0</run_address>
         <size>0x52</size>
         <input_file_ref idref="fl-de"/>
      </object_component>
      <object_component id="oc-5e2">
         <name>.text:iDMAUSBArbSizeSet</name>
         <load_address>0x2322</load_address>
         <run_address>0x2322</run_address>
         <size>0x2</size>
         <input_file_ref idref="fl-dd"/>
      </object_component>
      <object_component id="oc-413">
         <name>.text:SysCtlPeripheralReset</name>
         <load_address>0x2324</load_address>
         <run_address>0x2324</run_address>
         <size>0x50</size>
         <input_file_ref idref="fl-d2"/>
      </object_component>
      <object_component id="oc-1ca">
         <name>.text:USBDCDCInit</name>
         <load_address>0x2374</load_address>
         <run_address>0x2374</run_address>
         <size>0x50</size>
         <input_file_ref idref="fl-d9"/>
      </object_component>
      <object_component id="oc-779">
         <name>.text:USBDCDConfigDescGet</name>
         <load_address>0x23c4</load_address>
         <run_address>0x23c4</run_address>
         <size>0x50</size>
         <input_file_ref idref="fl-e0"/>
      </object_component>
      <object_component id="oc-177">
         <name>.text:USBDeviceResumeTickHandler</name>
         <load_address>0x2414</load_address>
         <run_address>0x2414</run_address>
         <size>0x50</size>
         <input_file_ref idref="fl-da"/>
      </object_component>
      <object_component id="oc-785">
         <name>.text:GetEPDescriptorType</name>
         <load_address>0x2464</load_address>
         <run_address>0x2464</run_address>
         <size>0x4c</size>
         <input_file_ref idref="fl-e1"/>
      </object_component>
      <object_component id="oc-65b">
         <name>.text:USBDStringIndexFromRequest</name>
         <load_address>0x24b0</load_address>
         <run_address>0x24b0</run_address>
         <size>0x4c</size>
         <input_file_ref idref="fl-da"/>
      </object_component>
      <object_component id="oc-726">
         <name>.text:USBEndpointDMAConfigSet</name>
         <load_address>0x24fc</load_address>
         <run_address>0x24fc</run_address>
         <size>0x4c</size>
         <input_file_ref idref="fl-e3"/>
      </object_component>
      <object_component id="oc-612">
         <name>.text:iDMAUSBChannelEnable</name>
         <load_address>0x2548</load_address>
         <run_address>0x2548</run_address>
         <size>0x4c</size>
         <input_file_ref idref="fl-dd"/>
      </object_component>
      <object_component id="oc-7a6">
         <name>.text:ConfigAlternateInterfaceGet</name>
         <load_address>0x2594</load_address>
         <run_address>0x2594</run_address>
         <size>0x4a</size>
         <input_file_ref idref="fl-e0"/>
      </object_component>
      <object_component id="oc-52c">
         <name>.text:HandleEP0Data</name>
         <load_address>0x25de</load_address>
         <run_address>0x25de</run_address>
         <size>0x4a</size>
         <input_file_ref idref="fl-d9"/>
      </object_component>
      <object_component id="oc-544">
         <name>.text:HandleEndpoints</name>
         <load_address>0x2628</load_address>
         <run_address>0x2628</run_address>
         <size>0x4a</size>
         <input_file_ref idref="fl-d9"/>
      </object_component>
      <object_component id="oc-652">
         <name>.text:USBDevEndpointStallClear</name>
         <load_address>0x2672</load_address>
         <run_address>0x2672</run_address>
         <size>0x4a</size>
         <input_file_ref idref="fl-e3"/>
      </object_component>
      <object_component id="oc-59a">
         <name>.text:uDMAUSBChannelDisable</name>
         <load_address>0x26bc</load_address>
         <run_address>0x26bc</run_address>
         <size>0x4a</size>
         <input_file_ref idref="fl-dd"/>
      </object_component>
      <object_component id="oc-61e">
         <name>.text:iDMAUSBUnitSizeSet</name>
         <load_address>0x2706</load_address>
         <run_address>0x2706</run_address>
         <size>0x2</size>
         <input_file_ref idref="fl-dd"/>
      </object_component>
      <object_component id="oc-171">
         <name>.text:USBDeviceEnumResetHandler</name>
         <load_address>0x2708</load_address>
         <run_address>0x2708</run_address>
         <size>0x48</size>
         <input_file_ref idref="fl-da"/>
      </object_component>
      <object_component id="oc-6d9">
         <name>.text:uDMAChannelAttributeDisable</name>
         <load_address>0x2750</load_address>
         <run_address>0x2750</run_address>
         <size>0x48</size>
         <input_file_ref idref="fl-e2"/>
      </object_component>
      <object_component id="oc-27b">
         <name>.text:USBEndpointDataGet</name>
         <load_address>0x2798</load_address>
         <run_address>0x2798</run_address>
         <size>0x46</size>
         <input_file_ref idref="fl-e3"/>
      </object_component>
      <object_component id="oc-5ac">
         <name>.text:uDMAUSBChannelIntDisable</name>
         <load_address>0x27de</load_address>
         <run_address>0x27de</run_address>
         <size>0x2</size>
         <input_file_ref idref="fl-dd"/>
      </object_component>
      <object_component id="oc-138">
         <name>.text:RxHandler</name>
         <load_address>0x27e0</load_address>
         <run_address>0x27e0</run_address>
         <size>0x44</size>
         <input_file_ref idref="fl-3"/>
      </object_component>
      <object_component id="oc-3f7">
         <name>.text:USBDCDDeviceInfoInit</name>
         <load_address>0x2824</load_address>
         <run_address>0x2824</run_address>
         <size>0x44</size>
         <input_file_ref idref="fl-da"/>
      </object_component>
      <object_component id="oc-501">
         <name>.text:USBDGetInterface</name>
         <load_address>0x2868</load_address>
         <run_address>0x2868</run_address>
         <size>0x44</size>
         <input_file_ref idref="fl-da"/>
      </object_component>
      <object_component id="oc-1e4">
         <name>.text:__TI_auto_init_nobinit_nopinit:__TI_auto_init_nobinit_nopinit</name>
         <load_address>0x28ac</load_address>
         <run_address>0x28ac</run_address>
         <size>0x44</size>
         <input_file_ref idref="fl-ca"/>
      </object_component>
      <object_component id="oc-60c">
         <name>.text:iDMAUSBChannelRelease</name>
         <load_address>0x28f0</load_address>
         <run_address>0x28f0</run_address>
         <size>0x3c</size>
         <input_file_ref idref="fl-dd"/>
      </object_component>
      <object_component id="oc-797">
         <name>.text:USBFIFOConfigSet</name>
         <load_address>0x292c</load_address>
         <run_address>0x292c</run_address>
         <size>0x3a</size>
         <input_file_ref idref="fl-e3"/>
      </object_component>
      <object_component id="oc-5a6">
         <name>.text:uDMAUSBChannelIntEnable</name>
         <load_address>0x2966</load_address>
         <run_address>0x2966</run_address>
         <size>0x2</size>
         <input_file_ref idref="fl-dd"/>
      </object_component>
      <object_component id="oc-403">
         <name>.text:InternalUSBRegisterTickHandler</name>
         <load_address>0x2968</load_address>
         <run_address>0x2968</run_address>
         <size>0x38</size>
         <input_file_ref idref="fl-d7"/>
      </object_component>
      <object_component id="oc-17d">
         <name>.text:InternalUSBStartOfFrameTick</name>
         <load_address>0x29a0</load_address>
         <run_address>0x29a0</run_address>
         <size>0x38</size>
         <input_file_ref idref="fl-d7"/>
      </object_component>
      <object_component id="oc-2a3">
         <name>.text:SendBreak</name>
         <load_address>0x29d8</load_address>
         <run_address>0x29d8</run_address>
         <size>0x38</size>
         <input_file_ref idref="fl-3"/>
      </object_component>
      <object_component id="oc-552">
         <name>.text:SendBreak</name>
         <load_address>0x2a10</load_address>
         <run_address>0x2a10</run_address>
         <size>0x38</size>
         <input_file_ref idref="fl-d9"/>
      </object_component>
      <object_component id="oc-77f">
         <name>.text:USBDCDConfigGetInterfaceEndpoint</name>
         <load_address>0x2a48</load_address>
         <run_address>0x2a48</run_address>
         <size>0x38</size>
         <input_file_ref idref="fl-e0"/>
      </object_component>
      <object_component id="oc-bd">
         <name>.text:USBIntStatusControl</name>
         <load_address>0x2a80</load_address>
         <run_address>0x2a80</run_address>
         <size>0x38</size>
         <input_file_ref idref="fl-e3"/>
      </object_component>
      <object_component id="oc-3b6">
         <name>.text:USBRingBufAdvanceWrite</name>
         <load_address>0x2ab8</load_address>
         <run_address>0x2ab8</run_address>
         <size>0x38</size>
         <input_file_ref idref="fl-d6"/>
      </object_component>
      <object_component id="oc-37c">
         <name>.text:USBEndpointDataPut</name>
         <load_address>0x2af0</load_address>
         <run_address>0x2af0</run_address>
         <size>0x36</size>
         <input_file_ref idref="fl-e3"/>
      </object_component>
      <object_component id="oc-526">
         <name>.text:HandleConfigChange</name>
         <load_address>0x2b26</load_address>
         <run_address>0x2b26</run_address>
         <size>0x34</size>
         <input_file_ref idref="fl-d9"/>
      </object_component>
      <object_component id="oc-419">
         <name>.text:SysCtlPeripheralEnable</name>
         <load_address>0x2b5c</load_address>
         <run_address>0x2b5c</run_address>
         <size>0x34</size>
         <input_file_ref idref="fl-d2"/>
      </object_component>
      <object_component id="oc-382">
         <name>.text:USBEndpointDataSend</name>
         <load_address>0x2b90</load_address>
         <run_address>0x2b90</run_address>
         <size>0x34</size>
         <input_file_ref idref="fl-e3"/>
      </object_component>
      <object_component id="oc-7d">
         <name>.text:_c_int00_noargs:_c_int00_noargs</name>
         <load_address>0x2bc4</load_address>
         <run_address>0x2bc4</run_address>
         <size>0x34</size>
         <input_file_ref idref="fl-c6"/>
      </object_component>
      <object_component id="oc-5ee">
         <name>.text:iDMAUSBChannelStatus</name>
         <load_address>0x2bf8</load_address>
         <run_address>0x2bf8</run_address>
         <size>0x34</size>
         <input_file_ref idref="fl-dd"/>
      </object_component>
      <object_component id="oc-7d5">
         <name>.text:NextConfigDescGet</name>
         <load_address>0x2c2c</load_address>
         <run_address>0x2c2c</run_address>
         <size>0x32</size>
         <input_file_ref idref="fl-e0"/>
      </object_component>
      <object_component id="oc-6a6">
         <name>.text:ProcessNotificationToHost</name>
         <load_address>0x2c5e</load_address>
         <run_address>0x2c5e</run_address>
         <size>0x32</size>
         <input_file_ref idref="fl-d9"/>
      </object_component>
      <object_component id="oc-4c8">
         <name>.text:USBDevEndpointStall</name>
         <load_address>0x2c90</load_address>
         <run_address>0x2c90</run_address>
         <size>0x32</size>
         <input_file_ref idref="fl-e3"/>
      </object_component>
      <object_component id="oc-618">
         <name>.text:iDMAUSBChannelDisable</name>
         <load_address>0x2cc2</load_address>
         <run_address>0x2cc2</run_address>
         <size>0x32</size>
         <input_file_ref idref="fl-dd"/>
      </object_component>
      <object_component id="oc-5be">
         <name>.text:DMAUSBIntHandler</name>
         <load_address>0x2cf4</load_address>
         <run_address>0x2cf4</run_address>
         <size>0x30</size>
         <input_file_ref idref="fl-dd"/>
      </object_component>
      <object_component id="oc-3fd">
         <name>.text:InternalUSBTickInit</name>
         <load_address>0x2d24</load_address>
         <run_address>0x2d24</run_address>
         <size>0x30</size>
         <input_file_ref idref="fl-d7"/>
      </object_component>
      <object_component id="oc-4f5">
         <name>.text:USBDGetConfiguration</name>
         <load_address>0x2d54</load_address>
         <run_address>0x2d54</run_address>
         <size>0x30</size>
         <input_file_ref idref="fl-da"/>
      </object_component>
      <object_component id="oc-4a8">
         <name>.text:UpdateIndexAtomic</name>
         <load_address>0x2d84</load_address>
         <run_address>0x2d84</run_address>
         <size>0x30</size>
         <input_file_ref idref="fl-d6"/>
      </object_component>
      <object_component id="oc-127">
         <name>.text:USBBufferWrite</name>
         <load_address>0x2db4</load_address>
         <run_address>0x2db4</run_address>
         <size>0x2e</size>
         <input_file_ref idref="fl-d4"/>
      </object_component>
      <object_component id="oc-144">
         <name>.text:USBDCDCRxPacketAvailable</name>
         <load_address>0x2de2</load_address>
         <run_address>0x2de2</run_address>
         <size>0x2e</size>
         <input_file_ref idref="fl-d9"/>
      </object_component>
      <object_component id="oc-7ce">
         <name>.text:USBDescGet</name>
         <load_address>0x2e10</load_address>
         <run_address>0x2e10</run_address>
         <size>0x2c</size>
         <input_file_ref idref="fl-dc"/>
      </object_component>
      <object_component id="oc-5c4">
         <name>.text:uDMAUSBIntStatus</name>
         <load_address>0x2e3c</load_address>
         <run_address>0x2e3c</run_address>
         <size>0x2c</size>
         <input_file_ref idref="fl-dd"/>
      </object_component>
      <object_component id="oc-ab">
         <name>.text:CheckForSerialStateChange</name>
         <load_address>0x2e68</load_address>
         <run_address>0x2e68</run_address>
         <size>0x2a</size>
         <input_file_ref idref="fl-3"/>
      </object_component>
      <object_component id="oc-2b7">
         <name>.text:HandleRequestBuffer</name>
         <load_address>0x2e92</load_address>
         <run_address>0x2e92</run_address>
         <size>0x2a</size>
         <input_file_ref idref="fl-d4"/>
      </object_component>
      <object_component id="oc-131">
         <name>.text:USBDCDCSerialStateChange</name>
         <load_address>0x2ebc</load_address>
         <run_address>0x2ebc</run_address>
         <size>0x2a</size>
         <input_file_ref idref="fl-d9"/>
      </object_component>
      <object_component id="oc-66c">
         <name>.text:USBDCDConfigDescGetNum</name>
         <load_address>0x2ee6</load_address>
         <run_address>0x2ee6</run_address>
         <size>0x2a</size>
         <input_file_ref idref="fl-e0"/>
      </object_component>
      <object_component id="oc-79f">
         <name>.text:USBDescGetNum</name>
         <load_address>0x2f10</load_address>
         <run_address>0x2f10</run_address>
         <size>0x2a</size>
         <input_file_ref idref="fl-dc"/>
      </object_component>
      <object_component id="oc-287">
         <name>.text:USBDevEndpointDataAck</name>
         <load_address>0x2f3a</load_address>
         <run_address>0x2f3a</run_address>
         <size>0x2a</size>
         <input_file_ref idref="fl-e3"/>
      </object_component>
      <object_component id="oc-112">
         <name>.text:USBBufferRead</name>
         <load_address>0x2f64</load_address>
         <run_address>0x2f64</run_address>
         <size>0x28</size>
         <input_file_ref idref="fl-d4"/>
      </object_component>
      <object_component id="oc-4e3">
         <name>.text:USBDSetAddress</name>
         <load_address>0x2f8c</load_address>
         <run_address>0x2f8c</run_address>
         <size>0x28</size>
         <input_file_ref idref="fl-da"/>
      </object_component>
      <object_component id="oc-461">
         <name>.text:USBIntEnableControl</name>
         <load_address>0x2fb4</load_address>
         <run_address>0x2fb4</run_address>
         <size>0x28</size>
         <input_file_ref idref="fl-e3"/>
      </object_component>
      <object_component id="oc-70b">
         <name>.text:uDMAChannelModeGet</name>
         <load_address>0x2fdc</load_address>
         <run_address>0x2fdc</run_address>
         <size>0x28</size>
         <input_file_ref idref="fl-e2"/>
      </object_component>
      <object_component id="oc-53e">
         <name>.text:HandleDisconnect</name>
         <load_address>0x3004</load_address>
         <run_address>0x3004</run_address>
         <size>0x24</size>
         <input_file_ref idref="fl-d9"/>
      </object_component>
      <object_component id="oc-55e">
         <name>.text:SendLineStateChange</name>
         <load_address>0x3028</load_address>
         <run_address>0x3028</run_address>
         <size>0x24</size>
         <input_file_ref idref="fl-d9"/>
      </object_component>
      <object_component id="oc-6df">
         <name>.text:USBEndpointDMADisable</name>
         <load_address>0x304c</load_address>
         <run_address>0x304c</run_address>
         <size>0x24</size>
         <input_file_ref idref="fl-e3"/>
      </object_component>
      <object_component id="oc-6f9">
         <name>.text:USBEndpointDMAEnable</name>
         <load_address>0x3070</load_address>
         <run_address>0x3070</run_address>
         <size>0x24</size>
         <input_file_ref idref="fl-e3"/>
      </object_component>
      <object_component id="oc-1c4">
         <name>.text:USBStackModeSet</name>
         <load_address>0x3094</load_address>
         <run_address>0x3094</run_address>
         <size>0x24</size>
         <input_file_ref idref="fl-d5"/>
      </object_component>
      <object_component id="oc-6cc">
         <name>.text:uDMAChannelControlSet</name>
         <load_address>0x30b8</load_address>
         <run_address>0x30b8</run_address>
         <size>0x24</size>
         <input_file_ref idref="fl-e2"/>
      </object_component>
      <object_component id="oc-564">
         <name>.text:SendLineCodingChange</name>
         <load_address>0x30dc</load_address>
         <run_address>0x30dc</run_address>
         <size>0x22</size>
         <input_file_ref idref="fl-d9"/>
      </object_component>
      <object_component id="oc-5b8">
         <name>.text:uDMAUSBChannelStatus</name>
         <load_address>0x30fe</load_address>
         <run_address>0x30fe</run_address>
         <size>0x22</size>
         <input_file_ref idref="fl-dd"/>
      </object_component>
      <object_component id="oc-682">
         <name>.text:CheckAndSendBreak</name>
         <load_address>0x3120</load_address>
         <run_address>0x3120</run_address>
         <size>0x20</size>
         <input_file_ref idref="fl-d9"/>
      </object_component>
      <object_component id="oc-791">
         <name>.text:GetEndpointFIFOSize</name>
         <load_address>0x3140</load_address>
         <run_address>0x3140</run_address>
         <size>0x20</size>
         <input_file_ref idref="fl-e1"/>
      </object_component>
      <object_component id="oc-2ab">
         <name>.text:HandleDataRemaining</name>
         <load_address>0x3160</load_address>
         <run_address>0x3160</run_address>
         <size>0x20</size>
         <input_file_ref idref="fl-d4"/>
      </object_component>
      <object_component id="oc-3a8">
         <name>.text:USBRingBufAdvanceRead</name>
         <load_address>0x3180</load_address>
         <run_address>0x3180</run_address>
         <size>0x20</size>
         <input_file_ref idref="fl-d6"/>
      </object_component>
      <object_component id="oc-3af">
         <name>.text:USBRingBufContigFree</name>
         <load_address>0x31a0</load_address>
         <run_address>0x31a0</run_address>
         <size>0x1e</size>
         <input_file_ref idref="fl-d6"/>
      </object_component>
      <object_component id="oc-571">
         <name>.text:USBULPIRegRead</name>
         <load_address>0x31be</load_address>
         <run_address>0x31be</run_address>
         <size>0x1e</size>
         <input_file_ref idref="fl-e3"/>
      </object_component>
      <object_component id="oc-577">
         <name>.text:USBULPIRegWrite</name>
         <load_address>0x31dc</load_address>
         <run_address>0x31dc</run_address>
         <size>0x1e</size>
         <input_file_ref idref="fl-e3"/>
      </object_component>
      <object_component id="oc-672">
         <name>.text:USBDCDConfigGetInterface</name>
         <load_address>0x31fa</load_address>
         <run_address>0x31fa</run_address>
         <size>0x1c</size>
         <input_file_ref idref="fl-e0"/>
      </object_component>
      <object_component id="oc-3cd">
         <name>.text:USBDCDStallEP0</name>
         <load_address>0x3218</load_address>
         <run_address>0x3218</run_address>
         <size>0x1c</size>
         <input_file_ref idref="fl-da"/>
      </object_component>
      <object_component id="oc-275">
         <name>.text:USBEndpointDataAvail</name>
         <load_address>0x3234</load_address>
         <run_address>0x3234</run_address>
         <size>0x1c</size>
         <input_file_ref idref="fl-e3"/>
      </object_component>
      <object_component id="oc-227">
         <name>.text:USBRingBufRead</name>
         <load_address>0x3250</load_address>
         <run_address>0x3250</run_address>
         <size>0x1c</size>
         <input_file_ref idref="fl-d6"/>
      </object_component>
      <object_component id="oc-23e">
         <name>.text:USBRingBufWrite</name>
         <load_address>0x326c</load_address>
         <run_address>0x326c</run_address>
         <size>0x1c</size>
         <input_file_ref idref="fl-d6"/>
      </object_component>
      <object_component id="oc-6b">
         <name>.text:decompress:ZI:__TI_zero_init_nomemset:__TI_zero_init_nomemset</name>
         <load_address>0x3288</load_address>
         <run_address>0x3288</run_address>
         <size>0x1c</size>
         <input_file_ref idref="fl-c3"/>
      </object_component>
      <object_component id="oc-558">
         <name>.text:DeviceConsumedAllData</name>
         <load_address>0x32a4</load_address>
         <run_address>0x32a4</run_address>
         <size>0x1a</size>
         <input_file_ref idref="fl-d9"/>
      </object_component>
      <object_component id="oc-3da">
         <name>.text:USBDCDConfigDescGetSize</name>
         <load_address>0x32be</load_address>
         <run_address>0x32be</run_address>
         <size>0x1a</size>
         <input_file_ref idref="fl-e0"/>
      </object_component>
      <object_component id="oc-6d3">
         <name>.text:USBEndpointDMAChannel</name>
         <load_address>0x32d8</load_address>
         <run_address>0x32d8</run_address>
         <size>0x1a</size>
         <input_file_ref idref="fl-e3"/>
      </object_component>
      <object_component id="oc-260">
         <name>.text:SetDeferredOpFlag</name>
         <load_address>0x32f2</load_address>
         <run_address>0x32f2</run_address>
         <size>0x18</size>
         <input_file_ref idref="fl-d9"/>
      </object_component>
      <object_component id="oc-4b">
         <name>.text:USB0DeviceIntHandler</name>
         <load_address>0x330c</load_address>
         <run_address>0x330c</run_address>
         <size>0x18</size>
         <input_file_ref idref="fl-db"/>
      </object_component>
      <object_component id="oc-1be">
         <name>.text:USBBufferInit</name>
         <load_address>0x3324</load_address>
         <run_address>0x3324</run_address>
         <size>0x18</size>
         <input_file_ref idref="fl-d4"/>
      </object_component>
      <object_component id="oc-3f1">
         <name>.text:USBDCDFeatureGet</name>
         <load_address>0x333c</load_address>
         <run_address>0x333c</run_address>
         <size>0x18</size>
         <input_file_ref idref="fl-da"/>
      </object_component>
      <object_component id="oc-4ef">
         <name>.text:USBDSetDescriptor</name>
         <load_address>0x3354</load_address>
         <run_address>0x3354</run_address>
         <size>0x18</size>
         <input_file_ref idref="fl-da"/>
      </object_component>
      <object_component id="oc-50d">
         <name>.text:USBDSyncFrame</name>
         <load_address>0x336c</load_address>
         <run_address>0x336c</run_address>
         <size>0x18</size>
         <input_file_ref idref="fl-da"/>
      </object_component>
      <object_component id="oc-6e6">
         <name>.text:uDMAChannelDisable</name>
         <load_address>0x3384</load_address>
         <run_address>0x3384</run_address>
         <size>0x18</size>
         <input_file_ref idref="fl-e2"/>
      </object_component>
      <object_component id="oc-6ff">
         <name>.text:uDMAChannelEnable</name>
         <load_address>0x339c</load_address>
         <run_address>0x339c</run_address>
         <size>0x18</size>
         <input_file_ref idref="fl-e2"/>
      </object_component>
      <object_component id="oc-69c">
         <name>.text:CheckAndSendLineCodingChange</name>
         <load_address>0x33b4</load_address>
         <run_address>0x33b4</run_address>
         <size>0x16</size>
         <input_file_ref idref="fl-d9"/>
      </object_component>
      <object_component id="oc-688">
         <name>.text:CheckAndSendLineStateChange</name>
         <load_address>0x33ca</load_address>
         <run_address>0x33ca</run_address>
         <size>0x16</size>
         <input_file_ref idref="fl-d9"/>
      </object_component>
      <object_component id="oc-467">
         <name>.text:USBIntEnableEndpoint</name>
         <load_address>0x33e0</load_address>
         <run_address>0x33e0</run_address>
         <size>0x16</size>
         <input_file_ref idref="fl-e3"/>
      </object_component>
      <object_component id="oc-39d">
         <name>.text:USBRingBufFlush</name>
         <load_address>0x33f6</load_address>
         <run_address>0x33f6</run_address>
         <size>0x16</size>
         <input_file_ref idref="fl-d6"/>
      </object_component>
      <object_component id="oc-359">
         <name>.text:USBRingBufReadOne</name>
         <load_address>0x340c</load_address>
         <run_address>0x340c</run_address>
         <size>0x16</size>
         <input_file_ref idref="fl-d6"/>
      </object_component>
      <object_component id="oc-119">
         <name>.text:USBRingBufUsed</name>
         <load_address>0x3422</load_address>
         <run_address>0x3422</run_address>
         <size>0x16</size>
         <input_file_ref idref="fl-d6"/>
      </object_component>
      <object_component id="oc-2b1">
         <name>.text:HandleTxComplete</name>
         <load_address>0x3438</load_address>
         <run_address>0x3438</run_address>
         <size>0x14</size>
         <input_file_ref idref="fl-d4"/>
      </object_component>
      <object_component id="oc-41f">
         <name>.text:SysCtlUSBPLLEnable</name>
         <load_address>0x344c</load_address>
         <run_address>0x344c</run_address>
         <size>0x14</size>
         <input_file_ref idref="fl-d2"/>
      </object_component>
      <object_component id="oc-257">
         <name>.text:USBDCDCTxPacketAvailable</name>
         <load_address>0x3460</load_address>
         <run_address>0x3460</run_address>
         <size>0x14</size>
         <input_file_ref idref="fl-d9"/>
      </object_component>
      <object_component id="oc-694">
         <name>.text:USBDCDRequestDataEP0</name>
         <load_address>0x3474</load_address>
         <run_address>0x3474</run_address>
         <size>0x14</size>
         <input_file_ref idref="fl-da"/>
      </object_component>
      <object_component id="oc-68e">
         <name>.text:USBDCDSendDataEP0</name>
         <load_address>0x3488</load_address>
         <run_address>0x3488</run_address>
         <size>0x14</size>
         <input_file_ref idref="fl-da"/>
      </object_component>
      <object_component id="oc-75e">
         <name>.text:USBDMAChannelConfigSet</name>
         <load_address>0x349c</load_address>
         <run_address>0x349c</run_address>
         <size>0x14</size>
         <input_file_ref idref="fl-e3"/>
      </object_component>
      <object_component id="oc-2db">
         <name>.text:USBHostResume</name>
         <load_address>0x34b0</load_address>
         <run_address>0x34b0</run_address>
         <size>0x14</size>
         <input_file_ref idref="fl-e3"/>
      </object_component>
      <object_component id="oc-7df">
         <name>.text:_USBIndexWrite</name>
         <load_address>0x34c4</load_address>
         <run_address>0x34c4</run_address>
         <size>0x14</size>
         <input_file_ref idref="fl-e3"/>
      </object_component>
      <object_component id="oc-538">
         <name>.text:HandleResume</name>
         <load_address>0x34d8</load_address>
         <run_address>0x34d8</run_address>
         <size>0x12</size>
         <input_file_ref idref="fl-d9"/>
      </object_component>
      <object_component id="oc-532">
         <name>.text:HandleSuspend</name>
         <load_address>0x34ea</load_address>
         <run_address>0x34ea</run_address>
         <size>0x12</size>
         <input_file_ref idref="fl-d9"/>
      </object_component>
      <object_component id="oc-72f">
         <name>.text:USBDMAChannelDisable</name>
         <load_address>0x34fc</load_address>
         <run_address>0x34fc</run_address>
         <size>0x12</size>
         <input_file_ref idref="fl-e3"/>
      </object_component>
      <object_component id="oc-764">
         <name>.text:USBDMAChannelEnable</name>
         <load_address>0x350e</load_address>
         <run_address>0x350e</run_address>
         <size>0x12</size>
         <input_file_ref idref="fl-e3"/>
      </object_component>
      <object_component id="oc-74b">
         <name>.text:USBDMAChannelIntDisable</name>
         <load_address>0x3520</load_address>
         <run_address>0x3520</run_address>
         <size>0x12</size>
         <input_file_ref idref="fl-e3"/>
      </object_component>
      <object_component id="oc-744">
         <name>.text:USBDMAChannelIntEnable</name>
         <load_address>0x3532</load_address>
         <run_address>0x3532</run_address>
         <size>0x12</size>
         <input_file_ref idref="fl-e3"/>
      </object_component>
      <object_component id="oc-237">
         <name>.text:USBRingBufFree</name>
         <load_address>0x3544</load_address>
         <run_address>0x3544</run_address>
         <size>0x12</size>
         <input_file_ref idref="fl-d6"/>
      </object_component>
      <object_component id="oc-4b8">
         <name>.text:IntMasterDisable</name>
         <load_address>0x3556</load_address>
         <run_address>0x3556</run_address>
         <size>0x10</size>
         <input_file_ref idref="fl-d1"/>
      </object_component>
      <object_component id="oc-4be">
         <name>.text:IntMasterEnable</name>
         <load_address>0x3566</load_address>
         <run_address>0x3566</run_address>
         <size>0x10</size>
         <input_file_ref idref="fl-d1"/>
      </object_component>
      <object_component id="oc-3f">
         <name>.text:SysTickIntHandler</name>
         <load_address>0x3578</load_address>
         <run_address>0x3578</run_address>
         <size>0x10</size>
         <input_file_ref idref="fl-3"/>
      </object_component>
      <object_component id="oc-26f">
         <name>.text:USBEndpointStatus</name>
         <load_address>0x3588</load_address>
         <run_address>0x3588</run_address>
         <size>0x10</size>
         <input_file_ref idref="fl-e3"/>
      </object_component>
      <object_component id="oc-374">
         <name>.text:USBRingBufContigUsed</name>
         <load_address>0x3598</load_address>
         <run_address>0x3598</run_address>
         <size>0x10</size>
         <input_file_ref idref="fl-d6"/>
      </object_component>
      <object_component id="oc-36d">
         <name>.text:USBRingBufWriteOne</name>
         <load_address>0x35a8</load_address>
         <run_address>0x35a8</run_address>
         <size>0x10</size>
         <input_file_ref idref="fl-d6"/>
      </object_component>
      <object_component id="oc-5ca">
         <name>.text:DMAUSBIntStatusClear</name>
         <load_address>0x35b8</load_address>
         <run_address>0x35b8</run_address>
         <size>0xe</size>
         <input_file_ref idref="fl-dd"/>
      </object_component>
      <object_component id="oc-736">
         <name>.text:USBDMAChannelStatus</name>
         <load_address>0x35c6</load_address>
         <run_address>0x35c6</run_address>
         <size>0xe</size>
         <input_file_ref idref="fl-e3"/>
      </object_component>
      <object_component id="oc-449">
         <name>.text:USBDevLPMDisable</name>
         <load_address>0x35d4</load_address>
         <run_address>0x35d4</run_address>
         <size>0xe</size>
         <input_file_ref idref="fl-e3"/>
      </object_component>
      <object_component id="oc-189">
         <name>.text:USBDevLPMEnable</name>
         <load_address>0x35e2</load_address>
         <run_address>0x35e2</run_address>
         <size>0xe</size>
         <input_file_ref idref="fl-e3"/>
      </object_component>
      <object_component id="oc-437">
         <name>.text:USBULPIDisable</name>
         <load_address>0x35f0</load_address>
         <run_address>0x35f0</run_address>
         <size>0xe</size>
         <input_file_ref idref="fl-e3"/>
      </object_component>
      <object_component id="oc-42b">
         <name>.text:USBULPIEnable</name>
         <load_address>0x35fe</load_address>
         <run_address>0x35fe</run_address>
         <size>0xe</size>
         <input_file_ref idref="fl-e3"/>
      </object_component>
      <object_component id="oc-1b">
         <name>.text:decompress:none:__TI_decompress_none</name>
         <load_address>0x360c</load_address>
         <run_address>0x360c</run_address>
         <size>0xe</size>
         <input_file_ref idref="fl-c4"/>
      </object_component>
      <object_component id="oc-642">
         <name>.text:CPUcpsid</name>
         <load_address>0x361a</load_address>
         <run_address>0x361a</run_address>
         <size>0xc</size>
         <input_file_ref idref="fl-d3"/>
      </object_component>
      <object_component id="oc-649">
         <name>.text:CPUcpsie</name>
         <load_address>0x3626</load_address>
         <run_address>0x3626</run_address>
         <size>0xc</size>
         <input_file_ref idref="fl-d3"/>
      </object_component>
      <object_component id="oc-720">
         <name>.text:USBEndpointPacketCountSet</name>
         <load_address>0x3632</load_address>
         <run_address>0x3632</run_address>
         <size>0xc</size>
         <input_file_ref idref="fl-e3"/>
      </object_component>
      <object_component id="oc-455">
         <name>.text:USBLPMIntEnable</name>
         <load_address>0x363e</load_address>
         <run_address>0x363e</run_address>
         <size>0xc</size>
         <input_file_ref idref="fl-e3"/>
      </object_component>
      <object_component id="oc-311">
         <name>.text:USBRingBufInit</name>
         <load_address>0x364a</load_address>
         <run_address>0x364a</run_address>
         <size>0xc</size>
         <input_file_ref idref="fl-d6"/>
      </object_component>
      <object_component id="oc-425">
         <name>.text:USBClockEnable</name>
         <load_address>0x3656</load_address>
         <run_address>0x3656</run_address>
         <size>0xa</size>
         <input_file_ref idref="fl-e3"/>
      </object_component>
      <object_component id="oc-585">
         <name>.text:USBControllerVersion</name>
         <load_address>0x3660</load_address>
         <run_address>0x3660</run_address>
         <size>0xa</size>
         <input_file_ref idref="fl-e3"/>
      </object_component>
      <object_component id="oc-752">
         <name>.text:USBDMAChannelAddressSet</name>
         <load_address>0x366a</load_address>
         <run_address>0x366a</run_address>
         <size>0xa</size>
         <input_file_ref idref="fl-e3"/>
      </object_component>
      <object_component id="oc-758">
         <name>.text:USBDMAChannelCountSet</name>
         <load_address>0x3674</load_address>
         <run_address>0x3674</run_address>
         <size>0xa</size>
         <input_file_ref idref="fl-e3"/>
      </object_component>
      <object_component id="oc-46d">
         <name>.text:USBDevConnect</name>
         <load_address>0x367e</load_address>
         <run_address>0x367e</run_address>
         <size>0xa</size>
         <input_file_ref idref="fl-e3"/>
      </object_component>
      <object_component id="oc-19b">
         <name>.text:USBDevDisconnect</name>
         <load_address>0x3688</load_address>
         <run_address>0x3688</run_address>
         <size>0xa</size>
         <input_file_ref idref="fl-e3"/>
      </object_component>
      <object_component id="oc-18f">
         <name>.text:USBIntStatusEndpoint</name>
         <load_address>0x3692</load_address>
         <run_address>0x3692</run_address>
         <size>0xa</size>
         <input_file_ref idref="fl-e3"/>
      </object_component>
      <object_component id="oc-443">
         <name>.text:USBDevMode</name>
         <load_address>0x369c</load_address>
         <run_address>0x369c</run_address>
         <size>0x8</size>
         <input_file_ref idref="fl-e3"/>
      </object_component>
      <object_component id="oc-714">
         <name>.text:USBFIFOAddrGet</name>
         <load_address>0x36a4</load_address>
         <run_address>0x36a4</run_address>
         <size>0x8</size>
         <input_file_ref idref="fl-e3"/>
      </object_component>
      <object_component id="oc-43d">
         <name>.text:USBOTGMode</name>
         <load_address>0x36ac</load_address>
         <run_address>0x36ac</run_address>
         <size>0x8</size>
         <input_file_ref idref="fl-e3"/>
      </object_component>
      <object_component id="oc-600">
         <name>.text:iDMAUSBChannelIntDisable</name>
         <load_address>0x36b4</load_address>
         <run_address>0x36b4</run_address>
         <size>0x8</size>
         <input_file_ref idref="fl-dd"/>
      </object_component>
      <object_component id="oc-5fa">
         <name>.text:iDMAUSBChannelIntEnable</name>
         <load_address>0x36bc</load_address>
         <run_address>0x36bc</run_address>
         <size>0x8</size>
         <input_file_ref idref="fl-dd"/>
      </object_component>
      <object_component id="oc-1d0">
         <name>.text:GPIOPinWrite</name>
         <load_address>0x36c4</load_address>
         <run_address>0x36c4</run_address>
         <size>0x6</size>
         <input_file_ref idref="fl-d0"/>
      </object_component>
      <object_component id="oc-27">
         <name>.text:ResetISR</name>
         <load_address>0x36ca</load_address>
         <run_address>0x36ca</run_address>
         <size>0x6</size>
         <input_file_ref idref="fl-2"/>
      </object_component>
      <object_component id="oc-1d6">
         <name>.text:SysCtlDelay</name>
         <load_address>0x36d0</load_address>
         <run_address>0x36d0</run_address>
         <size>0x6</size>
         <input_file_ref idref="fl-d2"/>
      </object_component>
      <object_component id="oc-9f">
         <name>.text:USBBufferDataAvailable</name>
         <load_address>0x36d6</load_address>
         <run_address>0x36d6</run_address>
         <size>0x6</size>
         <input_file_ref idref="fl-d4"/>
      </object_component>
      <object_component id="oc-291">
         <name>.text:USBBufferFlush</name>
         <load_address>0x36dc</load_address>
         <run_address>0x36dc</run_address>
         <size>0x6</size>
         <input_file_ref idref="fl-d4"/>
      </object_component>
      <object_component id="oc-121">
         <name>.text:USBBufferSpaceAvailable</name>
         <load_address>0x36e2</load_address>
         <run_address>0x36e2</run_address>
         <size>0x6</size>
         <input_file_ref idref="fl-d4"/>
      </object_component>
      <object_component id="oc-73d">
         <name>.text:USBDMAChannelIntStatus</name>
         <load_address>0x36e8</load_address>
         <run_address>0x36e8</run_address>
         <size>0x6</size>
         <input_file_ref idref="fl-e3"/>
      </object_component>
      <object_component id="oc-44f">
         <name>.text:USBDevLPMConfig</name>
         <load_address>0x36ee</load_address>
         <run_address>0x36ee</run_address>
         <size>0x6</size>
         <input_file_ref idref="fl-e3"/>
      </object_component>
      <object_component id="oc-183">
         <name>.text:USBLPMIntStatus</name>
         <load_address>0x36f4</load_address>
         <run_address>0x36f4</run_address>
         <size>0x6</size>
         <input_file_ref idref="fl-e3"/>
      </object_component>
      <object_component id="oc-5f4">
         <name>.text:iDMAUSBIntStatus</name>
         <load_address>0x36fa</load_address>
         <run_address>0x36fa</run_address>
         <size>0x6</size>
         <input_file_ref idref="fl-dd"/>
      </object_component>
      <object_component id="oc-5d0">
         <name>.text:DMAUSBStatus</name>
         <load_address>0x3700</load_address>
         <run_address>0x3700</run_address>
         <size>0x4</size>
         <input_file_ref idref="fl-dd"/>
      </object_component>
      <object_component id="oc-24b">
         <name>.text:TxHandler</name>
         <load_address>0x3704</load_address>
         <run_address>0x3704</run_address>
         <size>0x4</size>
         <input_file_ref idref="fl-3"/>
      </object_component>
      <object_component id="oc-2ea">
         <name>.text:USBDevAddrSet</name>
         <load_address>0x3708</load_address>
         <run_address>0x3708</run_address>
         <size>0x4</size>
         <input_file_ref idref="fl-e3"/>
      </object_component>
      <object_component id="oc-f1">
         <name>.text:_system_pre_init</name>
         <load_address>0x370c</load_address>
         <run_address>0x370c</run_address>
         <size>0x4</size>
         <input_file_ref idref="fl-cb"/>
      </object_component>
      <object_component id="oc-1d8">
         <name>.text:abort:abort</name>
         <load_address>0x3710</load_address>
         <run_address>0x3710</run_address>
         <size>0x4</size>
         <input_file_ref idref="fl-cd"/>
      </object_component>
      <object_component id="oc-629">
         <name>.const</name>
         <load_address>0x3714</load_address>
         <run_address>0x3714</run_address>
         <size>0x70</size>
         <input_file_ref idref="fl-d1"/>
      </object_component>
      <object_component id="oc-32e">
         <name>.const</name>
         <load_address>0x3784</load_address>
         <run_address>0x3784</run_address>
         <size>0x58</size>
         <input_file_ref idref="fl-d9"/>
      </object_component>
      <object_component id="oc-2d3">
         <name>.const:.string:g_pui8ConfigString</name>
         <load_address>0x37dc</load_address>
         <run_address>0x37dc</run_address>
         <size>0x36</size>
         <input_file_ref idref="fl-4"/>
      </object_component>
      <object_component id="oc-3d6">
         <name>.const:g_psUSBDStdRequests</name>
         <load_address>0x3814</load_address>
         <run_address>0x3814</run_address>
         <size>0x34</size>
         <input_file_ref idref="fl-da"/>
      </object_component>
      <object_component id="oc-409">
         <name>.const:g_sCDCHandlers</name>
         <load_address>0x3848</load_address>
         <run_address>0x3848</run_address>
         <size>0x30</size>
         <input_file_ref idref="fl-d9"/>
      </object_component>
      <object_component id="oc-480">
         <name>.const:.string</name>
         <load_address>0x3878</load_address>
         <run_address>0x3878</run_address>
         <size>0x2e</size>
         <input_file_ref idref="fl-d9"/>
      </object_component>
      <object_component id="oc-2d0">
         <name>.const:.string:g_pui8ControlInterfaceString</name>
         <load_address>0x38a6</load_address>
         <run_address>0x38a6</run_address>
         <size>0x2c</size>
         <input_file_ref idref="fl-4"/>
      </object_component>
      <object_component id="oc-2c7">
         <name>.const:.string:g_pui8ManufacturerString</name>
         <load_address>0x38d2</load_address>
         <run_address>0x38d2</run_address>
         <size>0x24</size>
         <input_file_ref idref="fl-4"/>
      </object_component>
      <object_component id="oc-47d">
         <name>.const:.string:g_pui8CDCSerCommInterface</name>
         <load_address>0x38f6</load_address>
         <run_address>0x38f6</run_address>
         <size>0x23</size>
         <input_file_ref idref="fl-d9"/>
      </object_component>
      <object_component id="oc-2ca">
         <name>.const:.string:g_pui8ProductString</name>
         <load_address>0x3919</load_address>
         <run_address>0x3919</run_address>
         <size>0x22</size>
         <input_file_ref idref="fl-4"/>
      </object_component>
      <object_component id="oc-160">
         <name>.const:g_ppui8StringDescriptors</name>
         <load_address>0x393c</load_address>
         <run_address>0x393c</run_address>
         <size>0x18</size>
         <input_file_ref idref="fl-4"/>
      </object_component>
      <object_component id="oc-2cd">
         <name>.const:.string:g_pui8SerialNumberString</name>
         <load_address>0x3954</load_address>
         <run_address>0x3954</run_address>
         <size>0x12</size>
         <input_file_ref idref="fl-4"/>
      </object_component>
      <object_component id="oc-2c4">
         <name>.const:.string:g_pui8LangDescriptor</name>
         <load_address>0x3966</load_address>
         <run_address>0x3966</run_address>
         <size>0x4</size>
         <input_file_ref idref="fl-4"/>
      </object_component>
      <object_component id="oc-827">
         <name>.cinit..data.load</name>
         <load_address>0x3970</load_address>
         <run_address>0x3970</run_address>
         <size>0xab</size>
      </object_component>
      <object_component id="oc-825">
         <name>__TI_handler_table</name>
         <load_address>0x3a1c</load_address>
         <run_address>0x3a1c</run_address>
         <size>0xc</size>
      </object_component>
      <object_component id="oc-828">
         <name>.cinit..bss.load</name>
         <load_address>0x3a28</load_address>
         <run_address>0x3a28</run_address>
         <size>0x8</size>
      </object_component>
      <object_component id="oc-826">
         <name>__TI_cinit_table</name>
         <load_address>0x3a30</load_address>
         <run_address>0x3a30</run_address>
         <size>0x10</size>
      </object_component>
      <object_component id="oc-95">
         <name>.data</name>
         <load_address>0x20000910</load_address>
         <run_address>0x20000910</run_address>
         <size>0x15</size>
         <input_file_ref idref="fl-3"/>
      </object_component>
      <object_component id="oc-b4">
         <name>.data:g_sCDCDevice</name>
         <load_address>0x200007e0</load_address>
         <run_address>0x200007e0</run_address>
         <size>0x60</size>
         <input_file_ref idref="fl-4"/>
      </object_component>
      <object_component id="oc-b1">
         <name>.data:g_sRxBuffer</name>
         <load_address>0x200008a0</load_address>
         <run_address>0x200008a0</run_address>
         <size>0x38</size>
         <input_file_ref idref="fl-4"/>
      </object_component>
      <object_component id="oc-12d">
         <name>.data:g_sTxBuffer</name>
         <load_address>0x200008d8</load_address>
         <run_address>0x200008d8</run_address>
         <size>0x38</size>
         <input_file_ref idref="fl-4"/>
      </object_component>
      <object_component id="oc-318">
         <name>.data</name>
         <load_address>0x20000934</load_address>
         <run_address>0x20000934</run_address>
         <size>0x9</size>
         <input_file_ref idref="fl-d5"/>
      </object_component>
      <object_component id="oc-1a7">
         <name>.data</name>
         <load_address>0x20000928</load_address>
         <run_address>0x20000928</run_address>
         <size>0xc</size>
         <input_file_ref idref="fl-d7"/>
      </object_component>
      <object_component id="oc-32b">
         <name>.data</name>
         <load_address>0x20000840</load_address>
         <run_address>0x20000840</run_address>
         <size>0x5e</size>
         <input_file_ref idref="fl-d9"/>
      </object_component>
      <object_component id="oc-1aa">
         <name>.data</name>
         <load_address>0x20000940</load_address>
         <run_address>0x20000940</run_address>
         <size>0x8</size>
         <input_file_ref idref="fl-da"/>
      </object_component>
      <object_component id="oc-3d3">
         <name>.bss:g_pui8DataBufferIn</name>
         <uninitialized>true</uninitialized>
         <run_address>0x20000760</run_address>
         <size>0x40</size>
         <input_file_ref idref="fl-da"/>
      </object_component>
      <object_component id="oc-1a4">
         <name>.bss:g_psDCDInst</name>
         <uninitialized>true</uninitialized>
         <run_address>0x20000710</run_address>
         <size>0x50</size>
         <input_file_ref idref="fl-da"/>
      </object_component>
      <object_component id="oc-58b">
         <name>.bss:g_psUSBDMAInst</name>
         <uninitialized>true</uninitialized>
         <run_address>0x20000400</run_address>
         <size>0x110</size>
         <input_file_ref idref="fl-dd"/>
      </object_component>
      <object_component id="oc-2a9">
         <name>.common:g_pcStatus</name>
         <uninitialized>true</uninitialized>
         <run_address>0x200007d0</run_address>
         <size>0x4</size>
      </object_component>
      <object_component id="oc-14a">
         <name>.common:g_pui8USBRxBuffer</name>
         <uninitialized>true</uninitialized>
         <run_address>0x20000510</run_address>
         <size>0x100</size>
      </object_component>
      <object_component id="oc-25d">
         <name>.common:g_pui8USBTxBuffer</name>
         <uninitialized>true</uninitialized>
         <run_address>0x20000610</run_address>
         <size>0x100</size>
      </object_component>
      <object_component id="oc-31b">
         <name>.common:g_pfnUSBModeCallback</name>
         <uninitialized>true</uninitialized>
         <run_address>0x200007d4</run_address>
         <size>0x4</size>
      </object_component>
      <object_component id="oc-2e2">
         <name>.common:g_pfnTickHandlers</name>
         <uninitialized>true</uninitialized>
         <run_address>0x200007a0</run_address>
         <size>0x18</size>
      </object_component>
      <object_component id="oc-2e5">
         <name>.common:g_pvTickInstance</name>
         <uninitialized>true</uninitialized>
         <run_address>0x200007b8</run_address>
         <size>0x18</size>
      </object_component>
      <object_component id="oc-479">
         <name>.common:g_ui32ULPISupport</name>
         <uninitialized>true</uninitialized>
         <run_address>0x200007dc</run_address>
         <size>0x4</size>
      </object_component>
      <object_component id="oc-1a1">
         <name>.common:g_ppsDevInfo</name>
         <uninitialized>true</uninitialized>
         <run_address>0x200007d8</run_address>
         <size>0x4</size>
      </object_component>
      <object_component id="oc-24">
         <name>.stack</name>
         <uninitialized>true</uninitialized>
         <run_address>0x20000000</run_address>
         <size>0x4</size>
         <input_file_ref idref="fl-c6"/>
      </object_component>
      <object_component id="oc-82a">
         <name>.stack</name>
         <uninitialized>true</uninitialized>
         <run_address>0x20000000</run_address>
         <size>0x0</size>
      </object_component>
      <object_component id="oc-53">
         <name>.debug_info</name>
         <load_address>0x0</load_address>
         <run_address>0x0</run_address>
         <size>0x317</size>
         <input_file_ref idref="fl-2"/>
      </object_component>
      <object_component id="oc-13">
         <name>.debug_info</name>
         <load_address>0x317</load_address>
         <run_address>0x317</run_address>
         <size>0xd2</size>
         <input_file_ref idref="fl-2"/>
      </object_component>
      <object_component id="oc-29">
         <name>.debug_info</name>
         <load_address>0x3e9</load_address>
         <run_address>0x3e9</run_address>
         <size>0x102</size>
         <input_file_ref idref="fl-2"/>
      </object_component>
      <object_component id="oc-2f">
         <name>.debug_info</name>
         <load_address>0x4eb</load_address>
         <run_address>0x4eb</run_address>
         <size>0xf3</size>
         <input_file_ref idref="fl-2"/>
      </object_component>
      <object_component id="oc-3d">
         <name>.debug_info</name>
         <load_address>0x5de</load_address>
         <run_address>0x5de</run_address>
         <size>0x10b</size>
         <input_file_ref idref="fl-2"/>
      </object_component>
      <object_component id="oc-37">
         <name>.debug_info</name>
         <load_address>0x6e9</load_address>
         <run_address>0x6e9</run_address>
         <size>0xf9</size>
         <input_file_ref idref="fl-2"/>
      </object_component>
      <object_component id="oc-d1">
         <name>.debug_info</name>
         <load_address>0x7e2</load_address>
         <run_address>0x7e2</run_address>
         <size>0x26b</size>
         <input_file_ref idref="fl-2"/>
      </object_component>
      <object_component id="oc-5a">
         <name>.debug_info</name>
         <load_address>0xa4d</load_address>
         <run_address>0xa4d</run_address>
         <size>0x84</size>
         <input_file_ref idref="fl-2"/>
      </object_component>
      <object_component id="oc-16a">
         <name>.debug_info</name>
         <load_address>0xad1</load_address>
         <run_address>0xad1</run_address>
         <size>0x2a4</size>
         <input_file_ref idref="fl-2"/>
      </object_component>
      <object_component id="oc-b8">
         <name>.debug_info</name>
         <load_address>0xd75</load_address>
         <run_address>0xd75</run_address>
         <size>0xbb</size>
         <input_file_ref idref="fl-2"/>
      </object_component>
      <object_component id="oc-10b">
         <name>.debug_info</name>
         <load_address>0xe30</load_address>
         <run_address>0xe30</run_address>
         <size>0x768</size>
         <input_file_ref idref="fl-3"/>
      </object_component>
      <object_component id="oc-96">
         <name>.debug_info</name>
         <load_address>0x1598</load_address>
         <run_address>0x1598</run_address>
         <size>0x1cc</size>
         <input_file_ref idref="fl-3"/>
      </object_component>
      <object_component id="oc-f8">
         <name>.debug_info</name>
         <load_address>0x1764</load_address>
         <run_address>0x1764</run_address>
         <size>0x2b8</size>
         <input_file_ref idref="fl-3"/>
      </object_component>
      <object_component id="oc-9b">
         <name>.debug_info</name>
         <load_address>0x1a1c</load_address>
         <run_address>0x1a1c</run_address>
         <size>0x191</size>
         <input_file_ref idref="fl-3"/>
      </object_component>
      <object_component id="oc-a6">
         <name>.debug_info</name>
         <load_address>0x1bad</load_address>
         <run_address>0x1bad</run_address>
         <size>0x1bf</size>
         <input_file_ref idref="fl-3"/>
      </object_component>
      <object_component id="oc-ad">
         <name>.debug_info</name>
         <load_address>0x1d6c</load_address>
         <run_address>0x1d6c</run_address>
         <size>0x1c3</size>
         <input_file_ref idref="fl-3"/>
      </object_component>
      <object_component id="oc-48">
[...]
      </symbol>
      <symbol id="sm-4c7">
         <name>g_pfnTickHandlers</name>
         <value>0x200007a0</value>
      </symbol>
      <symbol id="sm-4c8">
         <name>g_pvTickInstance</name>
         <value>0x200007b8</value>
      </symbol>
      <symbol id="sm-4c9">
         <name>g_ui32USBSOFCount</name>
         <value>0x20000930</value>
         <object_component_ref idref="oc-1a7"/>
      </symbol>
      <symbol id="sm-4ca">
         <name>g_bUSBTimerInitialized</name>
         <value>0x20000928</value>
         <object_component_ref idref="oc-1a7"/>
      </symbol>
      <symbol id="sm-4cb">
         <name>g_ui32CurrentUSBTick</name>
         <value>0x2000092c</value>
         <object_component_ref idref="oc-1a7"/>
      </symbol>
      <symbol id="sm-4cc">
         <name>InternalUSBStartOfFrameTick</name>
         <value>0x29a1</value>
         <object_component_ref idref="oc-17d"/>
      </symbol>
      <symbol id="sm-4cd">
         <name>InternalUSBRegisterTickHandler</name>
         <value>0x2969</value>
         <object_component_ref idref="oc-403"/>
      </symbol>
      <symbol id="sm-4ce">
         <name>InternalUSBTickInit</name>
         <value>0x2d25</value>
         <object_component_ref idref="oc-3fd"/>
      </symbol>
      <symbol id="sm-651">
         <name>g_psCDCCompSerSections</name>
         <value>0x2000087c</value>
         <object_component_ref idref="oc-32b"/>
      </symbol>
      <symbol id="sm-652">
         <name>g_pui8CDCSerDataInterfaceHS</name>
         <value>0x388f</value>
         <object_component_ref idref="oc-480"/>
      </symbol>
      <symbol id="sm-653">
         <name>g_sCDCCompSerConfigHeader</name>
         <value>0x37bc</value>
         <object_component_ref idref="oc-32e"/>
      </symbol>
      <symbol id="sm-654">
         <name>g_sCDCSerCommInterfaceSection</name>
         <value>0x3794</value>
         <object_component_ref idref="oc-32e"/>
      </symbol>
      <symbol id="sm-655">
         <name>g_pCDCCompSerConfigDescriptorsHS</name>
         <value>0x37d8</value>
         <object_component_ref idref="oc-32e"/>
      </symbol>
      <symbol id="sm-656">
         <name>USBDCDCSerialStateChange</name>
         <value>0x2ebd</value>
         <object_component_ref idref="oc-131"/>
      </symbol>
      <symbol id="sm-657">
         <name>g_sIADSerConfigSection</name>
         <value>0x378c</value>
         <object_component_ref idref="oc-32e"/>
      </symbol>
      <symbol id="sm-658">
         <name>g_ppCDCSerConfigDescriptors</name>
         <value>0x37cc</value>
         <object_component_ref idref="oc-32e"/>
      </symbol>
      <symbol id="sm-659">
         <name>g_pCDCCompSerConfigDescriptors</name>
         <value>0x37d4</value>
         <object_component_ref idref="oc-32e"/>
      </symbol>
      <symbol id="sm-65a">
         <name>g_sCDCSerDataInterfaceSectionHS</name>
         <value>0x37a4</value>
         <object_component_ref idref="oc-32e"/>
      </symbol>
      <symbol id="sm-65b">
         <name>USBDCDCCompositeInit</name>
         <value>0xda9</value>
         <object_component_ref idref="oc-31f"/>
      </symbol>
      <symbol id="sm-65c">
         <name>USBDCDCTxPacketAvailable</name>
         <value>0x3461</value>
         <object_component_ref idref="oc-257"/>
      </symbol>
      <symbol id="sm-65d">
         <name>g_pui8CDCSerDataInterface</name>
         <value>0x3878</value>
         <object_component_ref idref="oc-480"/>
      </symbol>
      <symbol id="sm-65e">
         <name>g_pui8IADSerDescriptor</name>
         <value>0x2000085b</value>
         <object_component_ref idref="oc-32b"/>
      </symbol>
      <symbol id="sm-65f">
         <name>g_sCDCSerDataInterfaceSection</name>
         <value>0x379c</value>
         <object_component_ref idref="oc-32e"/>
      </symbol>
      <symbol id="sm-660">
         <name>USBDCDCInit</name>
         <value>0x2375</value>
         <object_component_ref idref="oc-1ca"/>
      </symbol>
      <symbol id="sm-661">
         <name>ProcessNotificationToHost</name>
         <value>0x2c5f</value>
         <object_component_ref idref="oc-6a6"/>
      </symbol>
      <symbol id="sm-662">
         <name>g_sCDCSerConfigSection</name>
         <value>0x3784</value>
         <object_component_ref idref="oc-32e"/>
      </symbol>
      <symbol id="sm-663">
         <name>g_sCDCCompSerConfigHeaderHS</name>
         <value>0x37c4</value>
         <object_component_ref idref="oc-32e"/>
      </symbol>
      <symbol id="sm-664">
         <name>g_sCDCHandlers</name>
         <value>0x3848</value>
         <object_component_ref idref="oc-409"/>
      </symbol>
      <symbol id="sm-665">
         <name>g_psCDCSerSections</name>
         <value>0x20000864</value>
         <object_component_ref idref="oc-32b"/>
      </symbol>
      <symbol id="sm-666">
         <name>ProcessDataFromHost</name>
         <value>0x1ac5</value>
         <object_component_ref idref="oc-6ac"/>
      </symbol>
      <symbol id="sm-667">
         <name>USBDCDCRxPacketAvailable</name>
         <value>0x2de3</value>
         <object_component_ref idref="oc-144"/>
      </symbol>
      <symbol id="sm-668">
         <name>g_sCDCSerConfigHeaderHS</name>
         <value>0x37b4</value>
         <object_component_ref idref="oc-32e"/>
      </symbol>
      <symbol id="sm-669">
         <name>g_pui8CDCSerDescriptor</name>
         <value>0x20000852</value>
         <object_component_ref idref="oc-32b"/>
      </symbol>
      <symbol id="sm-66a">
         <name>g_ppCDCSerConfigDescriptorsHS</name>
         <value>0x37d0</value>
         <object_component_ref idref="oc-32e"/>
      </symbol>
      <symbol id="sm-66b">
         <name>ProcessDataToHost</name>
         <value>0x1d69</value>
         <object_component_ref idref="oc-6b2"/>
      </symbol>
      <symbol id="sm-66c">
         <name>USBDCDCPacketRead</name>
         <value>0x1611</value>
         <object_component_ref idref="oc-13e"/>
      </symbol>
      <symbol id="sm-66d">
         <name>g_psCDCCompSerSectionsHS</name>
         <value>0x2000088c</value>
         <object_component_ref idref="oc-32b"/>
      </symbol>
      <symbol id="sm-66e">
         <name>g_sCDCSerConfigHeader</name>
         <value>0x37ac</value>
         <object_component_ref idref="oc-32e"/>
      </symbol>
      <symbol id="sm-66f">
         <name>g_psCDCSerSectionsHS</name>
         <value>0x20000870</value>
         <object_component_ref idref="oc-32b"/>
      </symbol>
      <symbol id="sm-670">
         <name>g_pui8CDCSerDeviceDescriptor</name>
         <value>0x20000840</value>
         <object_component_ref idref="oc-32b"/>
      </symbol>
      <symbol id="sm-671">
         <name>g_pui8CDCSerCommInterface</name>
         <value>0x38f6</value>
         <object_component_ref idref="oc-47d"/>
      </symbol>
      <symbol id="sm-672">
         <name>USBDCDCPacketWrite</name>
         <value>0x2109</value>
         <object_component_ref idref="oc-251"/>
      </symbol>
      <symbol id="sm-818">
         <name>g_ppsDevInfo</name>
         <value>0x200007d8</value>
      </symbol>
      <symbol id="sm-819">
         <name>USBDCDSendDataEP0</name>
         <value>0x3489</value>
         <object_component_ref idref="oc-68e"/>
      </symbol>
      <symbol id="sm-81a">
         <name>USBDCDStallEP0</name>
         <value>0x3219</value>
         <object_component_ref idref="oc-3cd"/>
      </symbol>
      <symbol id="sm-81b">
         <name>USBDCDRequestDataEP0</name>
         <value>0x3475</value>
         <object_component_ref idref="oc-694"/>
      </symbol>
      <symbol id="sm-81c">
         <name>USBDeviceEnumHandler</name>
         <value>0xe81</value>
         <object_component_ref idref="oc-195"/>
      </symbol>
      <symbol id="sm-81d">
         <name>USBDCDInit</name>
         <value>0x5bd</value>
         <object_component_ref idref="oc-325"/>
      </symbol>
      <symbol id="sm-81e">
         <name>USBDeviceEnumResetHandler</name>
         <value>0x2709</value>
         <object_component_ref idref="oc-171"/>
      </symbol>
      <symbol id="sm-81f">
         <name>g_psDCDInst</name>
         <value>0x20000710</value>
         <object_component_ref idref="oc-1a4"/>
      </symbol>
      <symbol id="sm-820">
         <name>USBDCDFeatureGet</name>
         <value>0x333d</value>
         <object_component_ref idref="oc-3f1"/>
      </symbol>
      <symbol id="sm-821">
         <name>USBDCDDeviceInfoInit</name>
         <value>0x2825</value>
         <object_component_ref idref="oc-3f7"/>
      </symbol>
      <symbol id="sm-822">
         <name>USBDeviceIntHandlerInternal</name>
         <value>0x85d</value>
         <object_component_ref idref="oc-c3"/>
      </symbol>
      <symbol id="sm-823">
         <name>USBDeviceResumeTickHandler</name>
         <value>0x2415</value>
         <object_component_ref idref="oc-177"/>
      </symbol>
      <symbol id="sm-82f">
         <name>USB0DeviceIntHandler</name>
         <value>0x330d</value>
         <object_component_ref idref="oc-4b"/>
      </symbol>
      <symbol id="sm-84d">
         <name>USBDescGet</name>
         <value>0x2e11</value>
         <object_component_ref idref="oc-7ce"/>
      </symbol>
      <symbol id="sm-84e">
         <name>USBDescGetNum</name>
         <value>0x2f11</value>
         <object_component_ref idref="oc-79f"/>
      </symbol>
      <symbol id="sm-993">
         <name>USBLibDMAInit</name>
         <value>0x45d</value>
         <object_component_ref idref="oc-45b"/>
      </symbol>
      <symbol id="sm-9a0">
         <name>ULPIConfigSet</name>
         <value>0x22d1</value>
         <object_component_ref idref="oc-431"/>
      </symbol>
      <symbol id="sm-9f1">
         <name>USBDCDConfigDescGet</name>
         <value>0x23c5</value>
         <object_component_ref idref="oc-779"/>
      </symbol>
      <symbol id="sm-9f2">
         <name>USBDCDConfigGetInterface</name>
         <value>0x31fb</value>
         <object_component_ref idref="oc-672"/>
      </symbol>
      <symbol id="sm-9f3">
         <name>USBDCDConfigDescGetSize</name>
         <value>0x32bf</value>
         <object_component_ref idref="oc-3da"/>
      </symbol>
      <symbol id="sm-9f4">
         <name>USBDCDConfigGetInterfaceEndpoint</name>
         <value>0x2a49</value>
         <object_component_ref idref="oc-77f"/>
      </symbol>
      <symbol id="sm-9f5">
         <name>USBDCDConfigDescGetNum</name>
         <value>0x2ee7</value>
         <object_component_ref idref="oc-66c"/>
      </symbol>
      <symbol id="sm-a42">
         <name>USBDeviceConfigAlternate</name>
         <value>0x17bd</value>
         <object_component_ref idref="oc-678"/>
      </symbol>
      <symbol id="sm-a43">
         <name>USBDeviceConfig</name>
         <value>0x9ad</value>
         <object_component_ref idref="oc-664"/>
      </symbol>
      <symbol id="sm-a8e">
         <name>uDMAChannelControlSet</name>
         <value>0x30b9</value>
         <object_component_ref idref="oc-6cc"/>
      </symbol>
      <symbol id="sm-a8f">
         <name>uDMAChannelDisable</name>
         <value>0x3385</value>
         <object_component_ref idref="oc-6e6"/>
      </symbol>
      <symbol id="sm-a90">
         <name>uDMAChannelModeGet</name>
         <value>0x2fdd</value>
         <object_component_ref idref="oc-70b"/>
      </symbol>
      <symbol id="sm-a91">
         <name>uDMAChannelTransferSet</name>
         <value>0x18cd</value>
         <object_component_ref idref="oc-71a"/>
      </symbol>
      <symbol id="sm-a92">
         <name>uDMAChannelAttributeDisable</name>
         <value>0x2751</value>
         <object_component_ref idref="oc-6d9"/>
      </symbol>
      <symbol id="sm-a93">
         <name>uDMAChannelEnable</name>
         <value>0x339d</value>
         <object_component_ref idref="oc-6ff"/>
      </symbol>
      <symbol id="sm-c42">
         <name>USBLPMIntEnable</name>
         <value>0x363f</value>
         <object_component_ref idref="oc-455"/>
      </symbol>
      <symbol id="sm-c43">
         <name>USBEndpointDataAvail</name>
         <value>0x3235</value>
         <object_component_ref idref="oc-275"/>
      </symbol>
      <symbol id="sm-c44">
         <name>USBClockEnable</name>
         <value>0x3657</value>
         <object_component_ref idref="oc-425"/>
      </symbol>
      <symbol id="sm-c45">
         <name>USBDevDisconnect</name>
         <value>0x3689</value>
         <object_component_ref idref="oc-19b"/>
      </symbol>
      <symbol id="sm-c46">
         <name>USBDevEndpointStallClear</name>
         <value>0x2673</value>
         <object_component_ref idref="oc-652"/>
      </symbol>
      <symbol id="sm-c47">
         <name>USBEndpointDataPut</name>
         <value>0x2af1</value>
         <object_component_ref idref="oc-37c"/>
      </symbol>
      <symbol id="sm-c48">
         <name>USBDMAChannelIntStatus</name>
         <value>0x36e9</value>
         <object_component_ref idref="oc-73d"/>
      </symbol>
      <symbol id="sm-c49">
         <name>USBDevAddrSet</name>
         <value>0x3709</value>
         <object_component_ref idref="oc-2ea"/>
      </symbol>
      <symbol id="sm-c4a">
         <name>USBDMAChannelCountSet</name>
         <value>0x3675</value>
         <object_component_ref idref="oc-758"/>
      </symbol>
      <symbol id="sm-c4b">
         <name>USBLPMIntStatus</name>
         <value>0x36f5</value>
         <object_component_ref idref="oc-183"/>
      </symbol>
      <symbol id="sm-c4c">
         <name>USBDMAChannelAddressSet</name>
         <value>0x366b</value>
         <object_component_ref idref="oc-752"/>
      </symbol>
      <symbol id="sm-c4d">
         <name>USBULPIDisable</name>
         <value>0x35f1</value>
         <object_component_ref idref="oc-437"/>
      </symbol>
      <symbol id="sm-c4e">
         <name>USBIntStatusControl</name>
         <value>0x2a81</value>
         <object_component_ref idref="oc-bd"/>
      </symbol>
      <symbol id="sm-c4f">
         <name>USBEndpointDMADisable</name>
         <value>0x304d</value>
         <object_component_ref idref="oc-6df"/>
      </symbol>
      <symbol id="sm-c50">
         <name>USBDevEndpointDataAck</name>
         <value>0x2f3b</value>
         <object_component_ref idref="oc-287"/>
      </symbol>
      <symbol id="sm-c51">
         <name>USBOTGMode</name>
         <value>0x36ad</value>
         <object_component_ref idref="oc-43d"/>
      </symbol>
      <symbol id="sm-c52">
         <name>USBDMAChannelConfigSet</name>
         <value>0x349d</value>
         <object_component_ref idref="oc-75e"/>
      </symbol>
      <symbol id="sm-c53">
         <name>USBULPIRegRead</name>
         <value>0x31bf</value>
         <object_component_ref idref="oc-571"/>
      </symbol>
      <symbol id="sm-c54">
         <name>USBDevMode</name>
         <value>0x369d</value>
         <object_component_ref idref="oc-443"/>
      </symbol>
      <symbol id="sm-c55">
         <name>USBIntEnableEndpoint</name>
         <value>0x33e1</value>
         <object_component_ref idref="oc-467"/>
      </symbol>
      <symbol id="sm-c56">
         <name>USBEndpointDataGet</name>
         <value>0x2799</value>
         <object_component_ref idref="oc-27b"/>
      </symbol>
      <symbol id="sm-c57">
         <name>USBDevEndpointStatusClear</name>
         <value>0x21c9</value>
         <object_component_ref idref="oc-281"/>
      </symbol>
      <symbol id="sm-c58">
         <name>USBULPIEnable</name>
         <value>0x35ff</value>
         <object_component_ref idref="oc-42b"/>
      </symbol>
      <symbol id="sm-c59">
         <name>USBFIFOAddrGet</name>
         <value>0x36a5</value>
         <object_component_ref idref="oc-714"/>
      </symbol>
      <symbol id="sm-c5a">
         <name>USBDMAChannelStatus</name>
         <value>0x35c7</value>
         <object_component_ref idref="oc-736"/>
      </symbol>
      <symbol id="sm-c5b">
         <name>USBULPIRegWrite</name>
         <value>0x31dd</value>
         <object_component_ref idref="oc-577"/>
      </symbol>
      <symbol id="sm-c5c">
         <name>USBDMAChannelIntEnable</name>
         <value>0x3533</value>
         <object_component_ref idref="oc-744"/>
      </symbol>
      <symbol id="sm-c5d">
         <name>USBDevLPMConfig</name>
         <value>0x36ef</value>
         <object_component_ref idref="oc-44f"/>
      </symbol>
      <symbol id="sm-c5e">
         <name>USBDevLPMEnable</name>
         <value>0x35e3</value>
         <object_component_ref idref="oc-189"/>
      </symbol>
      <symbol id="sm-c5f">
         <name>USBControllerVersion</name>
         <value>0x3661</value>
         <object_component_ref idref="oc-585"/>
      </symbol>
      <symbol id="sm-c60">
         <name>USBFIFOConfigSet</name>
         <value>0x292d</value>
         <object_component_ref idref="oc-797"/>
      </symbol>
      <symbol id="sm-c61">
         <name>USBEndpointDMAEnable</name>
         <value>0x3071</value>
         <object_component_ref idref="oc-6f9"/>
      </symbol>
      <symbol id="sm-c62">
         <name>USBDevLPMDisable</name>
         <value>0x35d5</value>
         <object_component_ref idref="oc-449"/>
      </symbol>
      <symbol id="sm-c63">
         <name>USBEndpointDataSend</name>
         <value>0x2b91</value>
         <object_component_ref idref="oc-382"/>
      </symbol>
      <symbol id="sm-c64">
         <name>USBIntStatusEndpoint</name>
         <value>0x3693</value>
         <object_component_ref idref="oc-18f"/>
      </symbol>
      <symbol id="sm-c65">
         <name>USBEndpointStatus</name>
         <value>0x3589</value>
         <object_component_ref idref="oc-26f"/>
      </symbol>
      <symbol id="sm-c66">
         <name>USBEndpointPacketCountSet</name>
         <value>0x3633</value>
         <object_component_ref idref="oc-720"/>
      </symbol>
      <symbol id="sm-c67">
         <name>USBDMAChannelIntDisable</name>
         <value>0x3521</value>
         <object_component_ref idref="oc-74b"/>
      </symbol>
      <symbol id="sm-c68">
         <name>USBEndpointDMAConfigSet</name>
         <value>0x24fd</value>
         <object_component_ref idref="oc-726"/>
      </symbol>
      <symbol id="sm-c69">
         <name>USBDevEndpointStall</name>
         <value>0x2c91</value>
         <object_component_ref idref="oc-4c8"/>
      </symbol>
      <symbol id="sm-c6a">
         <name>USBDevConnect</name>
         <value>0x367f</value>
         <object_component_ref idref="oc-46d"/>
      </symbol>
      <symbol id="sm-c6b">
         <name>USBDevEndpointConfigSet</name>
         <value>0x19d1</value>
         <object_component_ref idref="oc-78b"/>
      </symbol>
      <symbol id="sm-c6c">
         <name>USBDMAChannelDisable</name>
         <value>0x34fd</value>
         <object_component_ref idref="oc-72f"/>
      </symbol>
      <symbol id="sm-c6d">
         <name>USBDMAChannelEnable</name>
         <value>0x350f</value>
         <object_component_ref idref="oc-764"/>
      </symbol>
      <symbol id="sm-c6e">
         <name>USBHostResume</name>
         <value>0x34b1</value>
         <object_component_ref idref="oc-2db"/>
      </symbol>
      <symbol id="sm-c6f">
         <name>USBIntEnableControl</name>
         <value>0x2fb5</value>
         <object_component_ref idref="oc-461"/>
      </symbol>
      <symbol id="sm-c70">
         <name>USBEndpointDMAChannel</name>
         <value>0x32d9</value>
         <object_component_ref idref="oc-6d3"/>
      </symbol>
      <symbol id="sm-c71">
         <name>__TI_static_base__</name>
         <value>0x0</value>
      </symbol>
      <symbol id="sm-c74">
         <name>__mpu_init</name>
         <value>0x0</value>
      </symbol>
      <symbol id="sm-c75">
         <name>_system_post_cinit</name>
         <value>0x0</value>
      </symbol>
   </symbol_table>
   <title>Link successful</title>
</link_info>
